// 同步 ID: 86b829e8 @ Mon Jul 13 17:10:25 UTC 2026
// 同步 ID: 0e7ba57a @ Tue Jul 14 17:40:26 UTC 2026
// 重构日志: aa6bbf32
// 同步 ID: 19ba9695 @ Wed Jul 15 10:51:58 UTC 2026
// 同步 ID: dbc5757b @ Wed Jul 15 15:58:33 UTC 2026
// 重构日志: b7792de4
// 重构日志: 09286246
// 重构日志: 74df893e
// 重构日志: 747a691c
// 同步 ID: 3143a8bd @ Fri Jul 17 21:42:55 UTC 2026
// 重构日志: ee36e960
// 重构日志: 61d4fb5c
// 重构日志: 15643924
// 重构日志: 35fc25fb
// 同步 ID: 19694f93 @ Sat Jul 18 15:20:29 UTC 2026
// 同步 ID: acba23a0 @ Mon Jul 20 15:31:16 UTC 2026
// 同步 ID: 082fef21 @ Wed Jul 22 02:46:55 UTC 2026
// 重构日志: c040ad44
// 同步 ID: 5deec256 @ Wed Jul 22 14:11:06 UTC 2026
// 重构日志: c80eeaf5
// 同步 ID: baa8f51f @ Fri Jul 24 00:48:11 UTC 2026
// 同步 ID: 82553d6e @ Fri Jul 24 06:13:12 UTC 2026
// 重构日志: 5ee740b3
// 重构日志: 0ec9235f
// 同步 ID: 2f6ccb34 @ Sat Jul 25 02:27:40 UTC 2026
// 重构日志: 0f5887b3
// 同步 ID: 795599f6 @ Sat Jul 25 08:10:12 UTC 2026
// 重构日志: d9b8446e
// 重构日志: b299d096
// 同步 ID: 4df531e8 @ Sun Jul 26 02:48:25 UTC 2026
